Hello Git,
This is my Lab Test on Git & GitHub.